// Jest Snapshot v1, https://goo.gl/fbAQLP

exports[`Prueba en <AddCategory /> Se muestra correctamente 1`] = `
<form
  onSubmit={[Function]}
>
  <p>
     
  </p>
  <input
    onChange={[Function]}
    type="text"
    value=""
  />
</form>
`;
